// Jest Snapshot v1, https://goo.gl/fbAQLP

exports[`Footer renders correctly 1`] = `
<div
  className="footer"
>
  <div
    className="container"
  >
    <hr
      className="border-primary"
    />
    <p>
      <a
        href="/about/"
      >
        <br />
        <strong />
         on About
      </a>
    </p>
  </div>
</div>
`;
